../Core/Src/main.c:77:5:main	8	static
../Core/Src/main.c:127:6:SystemClock_Config	88	static
../Core/Src/main.c:182:13:MX_ADC1_Init	24	static
../Core/Src/main.c:234:13:MX_TIM1_Init	40	static
../Core/Src/main.c:281:13:MX_TIM2_Init	88	static
../Core/Src/main.c:347:13:MX_TIM4_Init	56	static
../Core/Src/main.c:403:13:MX_TIM5_Init	40	static
../Core/Src/main.c:446:13:MX_DMA_Init	16	static
../Core/Src/main.c:464:13:MX_GPIO_Init	56	static
../Core/Src/main.c:578:6:Error_Handler	4	static,ignoring_inline_asm
